error[E0277]: the trait bound `u8: Responder<'_, '_>` is not satisfied
 --> tests/ui-fail-nightly/responder-types.rs:5:5
  |
5 |     thing: u8,
  |     ^^^^^^^^^ the trait `Responder<'_, '_>` is not implemented for `u8`
  |
  = help: the following other types implement trait `Responder<'r, 'o>`:
            <Thing1 as Responder<'r, 'o>>
            <Thing2 as Responder<'r, 'o>>
            <Thing3 as Responder<'r, 'o>>
            <Thing4 as Responder<'r, 'o>>
            <rocket::Either<T, E> as Responder<'r, 'o>>
            <Box<str> as Responder<'r, 'static>>
            <Box<[u8]> as Responder<'r, 'static>>
            <Box<T> as Responder<'r, 'o>>
          and $N others

error[E0277]: the trait bound `Header<'_>: From<u8>` is not satisfied
  --> tests/ui-fail-nightly/responder-types.rs:11:5
   |
11 |     other: u8,
   |     ^^^^^^^^^ the trait `From<u8>` is not implemented for `Header<'_>`
   |
   = help: the following other types implement trait `From<T>`:
             <Header<'static> as From<Cookie<'_>>>
             <Header<'static> as From<ContentType>>
             <Header<'static> as From<rocket::http::Accept>>
             <Header<'static> as From<&Cookie<'_>>>
             <Header<'static> as From<&Referrer>>
             <Header<'static> as From<&ExpectCt>>
             <Header<'static> as From<&NoSniff>>
             <Header<'static> as From<&Hsts>>
           and $N others
   = note: required for `u8` to implement `Into<Header<'_>>`
note: required by a bound in `rocket::Response::<'r>::set_header`
  --> $WORKSPACE/core/lib/src/response/response.rs
   |
   |     pub fn set_header<'h: 'r, H: Into<Header<'h>>>(&mut self, header: H) -> bool {
   |                                  ^^^^^^^^^^^^^^^^ required by this bound in `Response::<'r>::set_header`

error[E0277]: the trait bound `u8: Responder<'_, '_>` is not satisfied
  --> tests/ui-fail-nightly/responder-types.rs:16:5
   |
16 |     thing: u8,
   |     ^^^^^^^^^ the trait `Responder<'_, '_>` is not implemented for `u8`
   |
   = help: the following other types implement trait `Responder<'r, 'o>`:
             <Thing1 as Responder<'r, 'o>>
             <Thing2 as Responder<'r, 'o>>
             <Thing3 as Responder<'r, 'o>>
             <Thing4 as Responder<'r, 'o>>
             <rocket::Either<T, E> as Responder<'r, 'o>>
             <Box<str> as Responder<'r, 'static>>
             <Box<[u8]> as Responder<'r, 'static>>
             <Box<T> as Responder<'r, 'o>>
           and $N others

error[E0277]: the trait bound `Header<'_>: From<u8>` is not satisfied
  --> tests/ui-fail-nightly/responder-types.rs:17:5
   |
17 |     other: u8,
   |     ^^^^^^^^^ the trait `From<u8>` is not implemented for `Header<'_>`
   |
   = help: the following other types implement trait `From<T>`:
             <Header<'static> as From<Cookie<'_>>>
             <Header<'static> as From<ContentType>>
             <Header<'static> as From<rocket::http::Accept>>
             <Header<'static> as From<&Cookie<'_>>>
             <Header<'static> as From<&Referrer>>
             <Header<'static> as From<&ExpectCt>>
             <Header<'static> as From<&NoSniff>>
             <Header<'static> as From<&Hsts>>
           and $N others
   = note: required for `u8` to implement `Into<Header<'_>>`
note: required by a bound in `rocket::Response::<'r>::set_header`
  --> $WORKSPACE/core/lib/src/response/response.rs
   |
   |     pub fn set_header<'h: 'r, H: Into<Header<'h>>>(&mut self, header: H) -> bool {
   |                                  ^^^^^^^^^^^^^^^^ required by this bound in `Response::<'r>::set_header`

error[E0277]: the trait bound `Header<'_>: From<std::string::String>` is not satisfied
  --> tests/ui-fail-nightly/responder-types.rs:24:5
   |
24 |     then: String,
   |     ^^^^^^^^^^^^ the trait `From<std::string::String>` is not implemented for `Header<'_>`
   |
   = help: the following other types implement trait `From<T>`:
             <Header<'static> as From<Cookie<'_>>>
             <Header<'static> as From<ContentType>>
             <Header<'static> as From<rocket::http::Accept>>
             <Header<'static> as From<&Cookie<'_>>>
             <Header<'static> as From<&Referrer>>
             <Header<'static> as From<&ExpectCt>>
             <Header<'static> as From<&NoSniff>>
             <Header<'static> as From<&Hsts>>
           and $N others
   = note: required for `std::string::String` to implement `Into<Header<'_>>`
note: required by a bound in `rocket::Response::<'r>::set_header`
  --> $WORKSPACE/core/lib/src/response/response.rs
   |
   |     pub fn set_header<'h: 'r, H: Into<Header<'h>>>(&mut self, header: H) -> bool {
   |                                  ^^^^^^^^^^^^^^^^ required by this bound in `Response::<'r>::set_header`

error[E0277]: the trait bound `usize: Responder<'_, '_>` is not satisfied
  --> tests/ui-fail-nightly/responder-types.rs:28:13
   |
28 | fn foo() -> usize { 0 }
   |             ^^^^^ the trait `Responder<'_, '_>` is not implemented for `usize`
   |
   = help: the following other types implement trait `Responder<'r, 'o>`:
             <Thing1 as Responder<'r, 'o>>
             <Thing2 as Responder<'r, 'o>>
             <Thing3 as Responder<'r, 'o>>
             <Thing4 as Responder<'r, 'o>>
             <rocket::Either<T, E> as Responder<'r, 'o>>
             <Box<str> as Responder<'r, 'static>>
             <Box<[u8]> as Responder<'r, 'static>>
             <Box<T> as Responder<'r, 'o>>
           and $N others
note: required by a bound in `route::handler::<impl Outcome<rocket::Response<'o>, Status, (rocket::Data<'o>, Status)>>::from`
  --> $WORKSPACE/core/lib/src/route/handler.rs
   |
   |     pub fn from<R: Responder<'r, 'o>>(req: &'r Request<'_>, responder: R) -> Outcome<'r> {
   |                    ^^^^^^^^^^^^^^^^^ required by this bound in `route::handler::<impl Outcome<Response<'o>, Status, (Data<'o>, Status)>>::from`
