error[E0277]: the trait bound `BadType: UriDisplay<rocket::http::uri::fmt::Query>` is not satisfied
 --> tests/ui-fail-nightly/uri_display_type_errors.rs:6:13
  |
6 | struct Bar1(BadType);
  |             ^^^^^^^ the trait `UriDisplay<rocket::http::uri::fmt::Query>` is not implemented for `BadType`
  |
  = help: the following other types implement trait `UriDisplay<P>`:
            <bool as UriDisplay<P>>
            <isize as UriDisplay<P>>
            <i8 as UriDisplay<P>>
            <i16 as UriDisplay<P>>
            <i32 as UriDisplay<P>>
            <i64 as UriDisplay<P>>
            <i128 as UriDisplay<P>>
            <usize as UriDisplay<P>>
          and $N others
  = note: required for `&BadType` to implement `UriDisplay<rocket::http::uri::fmt::Query>`
note: required by a bound in `rocket::http::uri::fmt::Formatter::<'i, P>::write_value`
 --> $WORKSPACE/core/http/src/uri/fmt/formatter.rs
  |
  |     pub fn write_value<T: UriDisplay<P>>(&mut self, value: T) -> fmt::Result {
  |                           ^^^^^^^^^^^^^ required by this bound in `Formatter::<'i, P>::write_value`

error[E0277]: the trait bound `BadType: UriDisplay<rocket::http::uri::fmt::Query>` is not satisfied
  --> tests/ui-fail-nightly/uri_display_type_errors.rs:10:5
   |
10 |     field: BadType,
   |     ^^^^^^^^^^^^^^ the trait `UriDisplay<rocket::http::uri::fmt::Query>` is not implemented for `BadType`
   |
   = help: the following other types implement trait `UriDisplay<P>`:
             <bool as UriDisplay<P>>
             <isize as UriDisplay<P>>
             <i8 as UriDisplay<P>>
             <i16 as UriDisplay<P>>
             <i32 as UriDisplay<P>>
             <i64 as UriDisplay<P>>
             <i128 as UriDisplay<P>>
             <usize as UriDisplay<P>>
           and $N others
   = note: required for `&BadType` to implement `UriDisplay<rocket::http::uri::fmt::Query>`
note: required by a bound in `rocket::http::uri::fmt::Formatter::<'_, rocket::http::uri::fmt::Query>::write_named_value`
  --> $WORKSPACE/core/http/src/uri/fmt/formatter.rs
   |
   |     pub fn write_named_value<T: UriDisplay<Query>>(&mut self, name: &str, value: T) -> fmt::Result {
   |                                 ^^^^^^^^^^^^^^^^^ required by this bound in `Formatter::<'_, Query>::write_named_value`

error[E0277]: the trait bound `BadType: UriDisplay<rocket::http::uri::fmt::Query>` is not satisfied
  --> tests/ui-fail-nightly/uri_display_type_errors.rs:16:5
   |
16 |     bad: BadType,
   |     ^^^^^^^^^^^^ the trait `UriDisplay<rocket::http::uri::fmt::Query>` is not implemented for `BadType`
   |
   = help: the following other types implement trait `UriDisplay<P>`:
             <bool as UriDisplay<P>>
             <isize as UriDisplay<P>>
             <i8 as UriDisplay<P>>
             <i16 as UriDisplay<P>>
             <i32 as UriDisplay<P>>
             <i64 as UriDisplay<P>>
             <i128 as UriDisplay<P>>
             <usize as UriDisplay<P>>
           and $N others
   = note: required for `&BadType` to implement `UriDisplay<rocket::http::uri::fmt::Query>`
note: required by a bound in `rocket::http::uri::fmt::Formatter::<'_, rocket::http::uri::fmt::Query>::write_named_value`
  --> $WORKSPACE/core/http/src/uri/fmt/formatter.rs
   |
   |     pub fn write_named_value<T: UriDisplay<Query>>(&mut self, name: &str, value: T) -> fmt::Result {
   |                                 ^^^^^^^^^^^^^^^^^ required by this bound in `Formatter::<'_, Query>::write_named_value`

error[E0277]: the trait bound `BadType: UriDisplay<rocket::http::uri::fmt::Query>` is not satisfied
  --> tests/ui-fail-nightly/uri_display_type_errors.rs:21:11
   |
21 |     Inner(BadType),
   |           ^^^^^^^ the trait `UriDisplay<rocket::http::uri::fmt::Query>` is not implemented for `BadType`
   |
   = help: the following other types implement trait `UriDisplay<P>`:
             <bool as UriDisplay<P>>
             <isize as UriDisplay<P>>
             <i8 as UriDisplay<P>>
             <i16 as UriDisplay<P>>
             <i32 as UriDisplay<P>>
             <i64 as UriDisplay<P>>
             <i128 as UriDisplay<P>>
             <usize as UriDisplay<P>>
           and $N others
   = note: required for `&BadType` to implement `UriDisplay<rocket::http::uri::fmt::Query>`
   = note: 1 redundant requirement hidden
   = note: required for `&&BadType` to implement `UriDisplay<rocket::http::uri::fmt::Query>`
note: required by a bound in `rocket::http::uri::fmt::Formatter::<'i, P>::write_value`
  --> $WORKSPACE/core/http/src/uri/fmt/formatter.rs
   |
   |     pub fn write_value<T: UriDisplay<P>>(&mut self, value: T) -> fmt::Result {
   |                           ^^^^^^^^^^^^^ required by this bound in `Formatter::<'i, P>::write_value`

error[E0277]: the trait bound `BadType: UriDisplay<rocket::http::uri::fmt::Query>` is not satisfied
  --> tests/ui-fail-nightly/uri_display_type_errors.rs:27:9
   |
27 |         field: BadType,
   |         ^^^^^^^^^^^^^^ the trait `UriDisplay<rocket::http::uri::fmt::Query>` is not implemented for `BadType`
   |
   = help: the following other types implement trait `UriDisplay<P>`:
             <bool as UriDisplay<P>>
             <isize as UriDisplay<P>>
             <i8 as UriDisplay<P>>
             <i16 as UriDisplay<P>>
             <i32 as UriDisplay<P>>
             <i64 as UriDisplay<P>>
             <i128 as UriDisplay<P>>
             <usize as UriDisplay<P>>
           and $N others
   = note: required for `&BadType` to implement `UriDisplay<rocket::http::uri::fmt::Query>`
   = note: 1 redundant requirement hidden
   = note: required for `&&BadType` to implement `UriDisplay<rocket::http::uri::fmt::Query>`
note: required by a bound in `rocket::http::uri::fmt::Formatter::<'_, rocket::http::uri::fmt::Query>::write_named_value`
  --> $WORKSPACE/core/http/src/uri/fmt/formatter.rs
   |
   |     pub fn write_named_value<T: UriDisplay<Query>>(&mut self, name: &str, value: T) -> fmt::Result {
   |                                 ^^^^^^^^^^^^^^^^^ required by this bound in `Formatter::<'_, Query>::write_named_value`

error[E0277]: the trait bound `BadType: UriDisplay<rocket::http::uri::fmt::Query>` is not satisfied
  --> tests/ui-fail-nightly/uri_display_type_errors.rs:35:9
   |
35 |         other: BadType,
   |         ^^^^^^^^^^^^^^ the trait `UriDisplay<rocket::http::uri::fmt::Query>` is not implemented for `BadType`
   |
   = help: the following other types implement trait `UriDisplay<P>`:
             <bool as UriDisplay<P>>
             <isize as UriDisplay<P>>
             <i8 as UriDisplay<P>>
             <i16 as UriDisplay<P>>
             <i32 as UriDisplay<P>>
             <i64 as UriDisplay<P>>
             <i128 as UriDisplay<P>>
             <usize as UriDisplay<P>>
           and $N others
   = note: required for `&BadType` to implement `UriDisplay<rocket::http::uri::fmt::Query>`
   = note: 1 redundant requirement hidden
   = note: required for `&&BadType` to implement `UriDisplay<rocket::http::uri::fmt::Query>`
note: required by a bound in `rocket::http::uri::fmt::Formatter::<'_, rocket::http::uri::fmt::Query>::write_named_value`
  --> $WORKSPACE/core/http/src/uri/fmt/formatter.rs
   |
   |     pub fn write_named_value<T: UriDisplay<Query>>(&mut self, name: &str, value: T) -> fmt::Result {
   |                                 ^^^^^^^^^^^^^^^^^ required by this bound in `Formatter::<'_, Query>::write_named_value`

error[E0277]: the trait bound `BadType: UriDisplay<rocket::http::uri::fmt::Path>` is not satisfied
  --> tests/ui-fail-nightly/uri_display_type_errors.rs:40:12
   |
40 | struct Baz(BadType);
   |            ^^^^^^^ the trait `UriDisplay<rocket::http::uri::fmt::Path>` is not implemented for `BadType`
   |
   = help: the following other types implement trait `UriDisplay<P>`:
             <bool as UriDisplay<P>>
             <isize as UriDisplay<P>>
             <i8 as UriDisplay<P>>
             <i16 as UriDisplay<P>>
             <i32 as UriDisplay<P>>
             <i64 as UriDisplay<P>>
             <i128 as UriDisplay<P>>
             <usize as UriDisplay<P>>
           and $N others
   = note: required for `&BadType` to implement `UriDisplay<rocket::http::uri::fmt::Path>`
note: required by a bound in `rocket::http::uri::fmt::Formatter::<'i, P>::write_value`
  --> $WORKSPACE/core/http/src/uri/fmt/formatter.rs
   |
   |     pub fn write_value<T: UriDisplay<P>>(&mut self, value: T) -> fmt::Result {
   |                           ^^^^^^^^^^^^^ required by this bound in `Formatter::<'i, P>::write_value`
