error[E0277]: the trait bound `Unknown: Poolable` is not satisfied
 --> tests/ui-fail-stable/database-types.rs:6:10
  |
6 | struct A(Unknown);
  |          ^^^^^^^ the trait `Poolable` is not implemented for `Unknown`
  |
note: required by a bound in `rocket_sync_db_pools::Connection`
 --> $WORKSPACE/contrib/sync_db_pools/lib/src/connection.rs
  |
  | pub struct Connection<K, C: Poolable> {
  |                             ^^^^^^^^ required by this bound in `Connection`

error[E0277]: the trait bound `Vec<i32>: Poolable` is not satisfied
 --> tests/ui-fail-stable/database-types.rs:9:10
  |
9 | struct B(Vec<i32>);
  |          ^^^ the trait `Poolable` is not implemented for `Vec<i32>`
  |
note: required by a bound in `rocket_sync_db_pools::Connection`
 --> $WORKSPACE/contrib/sync_db_pools/lib/src/connection.rs
  |
  | pub struct Connection<K, C: Poolable> {
  |                             ^^^^^^^^ required by this bound in `Connection`

error[E0277]: the trait bound `Unknown: Poolable` is not satisfied
 --> tests/ui-fail-stable/database-types.rs:6:10
  |
6 | struct A(Unknown);
  |          ^^^^^^^ the trait `Poolable` is not implemented for `Unknown`
  |
note: required by a bound in `ConnectionPool`
 --> $WORKSPACE/contrib/sync_db_pools/lib/src/connection.rs
  |
  | pub struct ConnectionPool<K, C: Poolable> {
  |                                 ^^^^^^^^ required by this bound in `ConnectionPool`

error[E0277]: the trait bound `Vec<i32>: Poolable` is not satisfied
 --> tests/ui-fail-stable/database-types.rs:9:10
  |
9 | struct B(Vec<i32>);
  |          ^^^ the trait `Poolable` is not implemented for `Vec<i32>`
  |
note: required by a bound in `ConnectionPool`
 --> $WORKSPACE/contrib/sync_db_pools/lib/src/connection.rs
  |
  | pub struct ConnectionPool<K, C: Poolable> {
  |                                 ^^^^^^^^ required by this bound in `ConnectionPool`
